Mtk-easy-su 2.2.0
extracted magisk-boot.sh
extracted 32/magiskinit
extracted 64/magiskinit
extracted 32/mtk-su
extracted 64/mtk-su
[0] 

[0] 9

[0] Tue Jul 23 05:59:41 +07 2024

[0] /data/user/0/juniojsv.mtk.easy.su/files:
total 1.5M
drwx------ 2 u0_a177 3.4K 2024-07-23 05:59 32
drwx------ 2 u0_a177 3.4K 2024-07-23 05:59 64
-rw------- 1 u0_a177  567 2024-07-23 04:04 PersistedInstallation.W0RFRkFVTFRd+MTo2OTczNzY1NDAxNDphbmRyb2lkOjIzZGMwMWQyYTRjOWQzYmY2ZjI3YWY.json
drwx------ 2 u0_a177 3.4K 2024-07-23 04:05 al
-rw------- 1 u0_a177 3.1M 2024-07-23 05:59 audience_network.dex
-rw------- 1 u0_a177   68 2024-07-23 04:05 aware_learning_data
-rw------- 1 u0_a177    0 2024-07-23 04:04 generatefid.lock
-rw------- 1 u0_a177   51 2024-07-23 05:21 hw_cached_resid.list
-r-x--x--- 1 u0_a177 2.8K 2024-07-23 05:59 magisk-boot.sh
drwx--x--x 3 u0_a177 3.4K 2024-07-23 04:04 oat

/data/user/0/juniojsv.mtk.easy.su/files/32:
total 218K
lrwxrwxrwx 1 u0_a177   18 2024-07-23 05:22 magisk -> magiskinit
-r-x--x--- 1 u0_a177 373K 2024-07-23 05:59 magiskinit
lrwxrwxrwx 1 u0_a177   18 2024-07-23 05:22 magiskpolicy -> magiskinit
-r-x--x--- 1 u0_a177  59K 2024-07-23 05:59 mtk-su

/data/user/0/juniojsv.mtk.easy.su/files/64:
total 230K
lrwxrwxrwx 1 u0_a177   18 2024-07-23 05:22 magisk -> magiskinit
-r-x--x--- 1 u0_a177 393K 2024-07-23 05:59 magiskinit
lrwxrwxrwx 1 u0_a177   18 2024-07-23 05:22 magiskpolicy -> magiskinit
-r-x--x--- 1 u0_a177  64K 2024-07-23 05:59 mtk-su

/data/user/0/juniojsv.mtk.easy.su/files/al:
total 2.0K
-rw------- 1 u0_a177 9 2024-07-23 05:59 persistent_postback_cache.json

/data/user/0/juniojsv.mtk.easy.su/files/oat:
total 3.5K
drwx--x--x 2 u0_a177 3.4K 2024-07-23 04:04 arm64
-rw------- 1 u0_a177  879 2024-07-23 04:05 audience_network.dex.cur.prof

/data/user/0/juniojsv.mtk.easy.su/files/oat/arm64:
total 1.5M
-rw------- 1 u0_a177  69K 2024-07-23 04:04 audience_network.odex
-rw------- 1 u0_a177 3.0M 2024-07-23 04:04 audience_network.vdex

[0] Processor	: AArch64 Processor rev 1 (aarch64)
processor	: 0
BogoMIPS	: 3.84
Features	: fp asimd evtstrm aes pmull crc32
CPU implementer	: 0x41
CPU architecture: 8
CPU variant	: 0x0
CPU part	: 0xd03
CPU revision	: 4

processor	: 1
BogoMIPS	: 3.84
Features	: fp asimd evtstrm aes pmull crc32
CPU implementer	: 0x41
CPU architecture: 8
CPU variant	: 0x0
CPU part	: 0xd03
CPU revision	: 4

processor	: 2
BogoMIPS	: 3.84
Features	: fp asimd evtstrm aes pmull crc32
CPU implementer	: 0x41
CPU architecture: 8
CPU variant	: 0x0
CPU part	: 0xd03
CPU revision	: 4

processor	: 3
BogoMIPS	: 3.84
Features	: fp asimd evtstrm aes pmull crc32
CPU implementer	: 0x41
CPU architecture: 8
CPU variant	: 0x0
CPU part	: 0xd03
CPU revision	: 4

processor	: 4
BogoMIPS	: 3.84
Features	: fp asimd evtstrm aes pmull crc32
CPU implementer	: 0x41
CPU architecture: 8
CPU variant	: 0x0
CPU part	: 0xd09
CPU revision	: 1

processor	: 5
BogoMIPS	: 3.84
Features	: fp asimd evtstrm aes pmull crc32
CPU implementer	: 0x41
CPU architecture: 8
CPU variant	: 0x0
CPU part	: 0xd09
CPU revision	: 1

processor	: 6
BogoMIPS	: 3.84
Features	: fp asimd evtstrm aes pmull crc32
CPU implementer	: 0x41
CPU architecture: 8
CPU variant	: 0x0
CPU part	: 0xd09
CPU revision	: 1

processor	: 7
BogoMIPS	: 3.84
Features	: fp asimd evtstrm aes pmull crc32
CPU implementer	: 0x41
CPU architecture: 8
CPU variant	: 0x0
CPU part	: 0xd09
CPU revision	: 1


[0] MemTotal:        3804644 kB
MemFree:           98784 kB
MemAvailable:    1460372 kB
Buffers:            4796 kB
Cached:          1563056 kB
SwapCached:       259588 kB
Active:          1446016 kB
Inactive:        1150656 kB
Active(anon):     747240 kB
Inactive(anon):   428456 kB
Active(file):     698776 kB
Inactive(file):   722200 kB
Unevictable:      113692 kB
Mlocked:          113692 kB
SwapTotal:       2293756 kB
SwapFree:        1406852 kB
Dirty:              1900 kB
Writeback:             0 kB
AnonPages:       1014016 kB
Mapped:           634964 kB
Shmem:             34052 kB
Slab:             249360 kB
SReclaimable:      74704 kB
SUnreclaim:       174656 kB
KernelStack:       60608 kB
PageTables:        76716 kB
NFS_Unstable:          0 kB
Bounce:                0 kB
WritebackTmp:          0 kB
CommitLimit:     4196076 kB
Committed_AS:   111623680 kB
VmallocTotal:   263061440 kB
VmallocUsed:           0 kB
VmallocChunk:          0 kB
CmaTotal:         679936 kB
CmaFree:               0 kB
IonTotalCache:     52804 kB
IonTotalUsed:     131212 kB
PActive(anon):         0 kB
PInactive(anon):       0 kB
PActive(file):         0 kB
PInactive(file):       0 kB
Isolate1Free:         20 kB
Isolate2Free:          0 kB
RsvTotalUsed:     274436 kB

[0] 		total        used        free      shared     buffers
Mem:       3895955456  3794698240   101257216    34869248     4915200
-/+ buffers/cache:     3789783040   106172416
Swap:      2348806144   908189696  1440616448

[1] cat: /proc/version: Permission denied

[1] Temporary root by diplomatic@XDA
Home URL:
https://forum.xda-developers.com/android/development/amazing-temp-root-mediatek-armv8-t3922213
--------------------------------------------------


Temporary root by diplomatic@XDA
Home URL:
https://forum.xda-developers.com/android/development/amazing-temp-root-mediatek-armv8-t3922213
--------------------------------------------------


Failed critical init step 1
Incompatible platform

deleted magisk-boot.sh
deleted 32/magiskinit
deleted 64/magiskinit
deleted 32/mtk-su
deleted 64/mtk-su
Mtk-easy-su 2.2.0
extracted magisk-boot.sh
extracted 32/magiskinit
extracted 64/magiskinit
extracted 32/mtk-su
extracted 64/mtk-su
[0] 

[0] 9

[0] Tue Jul 23 05:59:41 +07 2024

[0] /data/user/0/juniojsv.mtk.easy.su/files:
total 1.5M
drwx------ 2 u0_a177 3.4K 2024-07-23 05:59 32
drwx------ 2 u0_a177 3.4K 2024-07-23 05:59 64
-rw------- 1 u0_a177  567 2024-07-23 04:04 PersistedInstallation.W0RFRkFVTFRd+MTo2OTczNzY1NDAxNDphbmRyb2lkOjIzZGMwMWQyYTRjOWQzYmY2ZjI3YWY.json
drwx------ 2 u0_a177 3.4K 2024-07-23 04:05 al
-rw------- 1 u0_a177 3.1M 2024-07-23 05:59 audience_network.dex
-rw------- 1 u0_a177   68 2024-07-23 04:05 aware_learning_data
-rw------- 1 u0_a177    0 2024-07-23 04:04 generatefid.lock
-rw------- 1 u0_a177   51 2024-07-23 05:21 hw_cached_resid.list
-r-x--x--- 1 u0_a177 2.8K 2024-07-23 05:59 magisk-boot.sh
drwx--x--x 3 u0_a177 3.4K 2024-07-23 04:04 oat

/data/user/0/juniojsv.mtk.easy.su/files/32:
total 218K
lrwxrwxrwx 1 u0_a177   18 2024-07-23 05:22 magisk -> magiskinit
-r-x--x--- 1 u0_a177 373K 2024-07-23 05:59 magiskinit
lrwxrwxrwx 1 u0_a177   18 2024-07-23 05:22 magiskpolicy -> magiskinit
-r-x--x--- 1 u0_a177  59K 2024-07-23 05:59 mtk-su

/data/user/0/juniojsv.mtk.easy.su/files/64:
total 230K
lrwxrwxrwx 1 u0_a177   18 2024-07-23 05:22 magisk -> magiskinit
-r-x--x--- 1 u0_a177 393K 2024-07-23 05:59 magiskinit
lrwxrwxrwx 1 u0_a177   18 2024-07-23 05:22 magiskpolicy -> magiskinit
-r-x--x--- 1 u0_a177  64K 2024-07-23 05:59 mtk-su

/data/user/0/juniojsv.mtk.easy.su/files/al:
total 2.0K
-rw------- 1 u0_a177 9 2024-07-23 05:59 persistent_postback_cache.json

/data/user/0/juniojsv.mtk.easy.su/files/oat:
total 3.5K
drwx--x--x 2 u0_a177 3.4K 2024-07-23 04:04 arm64
-rw------- 1 u0_a177  879 2024-07-23 04:05 audience_network.dex.cur.prof

/data/user/0/juniojsv.mtk.easy.su/files/oat/arm64:
total 1.5M
-rw------- 1 u0_a177  69K 2024-07-23 04:04 audience_network.odex
-rw------- 1 u0_a177 3.0M 2024-07-23 04:04 audience_network.vdex

[0] Processor	: AArch64 Processor rev 1 (aarch64)
processor	: 0
BogoMIPS	: 3.84
Features	: fp asimd evtstrm aes pmull crc32
CPU implementer	: 0x41
CPU architecture: 8
CPU variant	: 0x0
CPU part	: 0xd03
CPU revision	: 4

processor	: 1
BogoMIPS	: 3.84
Features	: fp asimd evtstrm aes pmull crc32
CPU implementer	: 0x41
CPU architecture: 8
CPU variant	: 0x0
CPU part	: 0xd03
CPU revision	: 4

processor	: 2
BogoMIPS	: 3.84
Features	: fp asimd evtstrm aes pmull crc32
CPU implementer	: 0x41
CPU architecture: 8
CPU variant	: 0x0
CPU part	: 0xd03
CPU revision	: 4

processor	: 3
BogoMIPS	: 3.84
Features	: fp asimd evtstrm aes pmull crc32
CPU implementer	: 0x41
CPU architecture: 8
CPU variant	: 0x0
CPU part	: 0xd03
CPU revision	: 4

processor	: 4
BogoMIPS	: 3.84
Features	: fp asimd evtstrm aes pmull crc32
CPU implementer	: 0x41
CPU architecture: 8
CPU variant	: 0x0
CPU part	: 0xd09
CPU revision	: 1

processor	: 5
BogoMIPS	: 3.84
Features	: fp asimd evtstrm aes pmull crc32
CPU implementer	: 0x41
CPU architecture: 8
CPU variant	: 0x0
CPU part	: 0xd09
CPU revision	: 1

processor	: 6
BogoMIPS	: 3.84
Features	: fp asimd evtstrm aes pmull crc32
CPU implementer	: 0x41
CPU architecture: 8
CPU variant	: 0x0
CPU part	: 0xd09
CPU revision	: 1

processor	: 7
BogoMIPS	: 3.84
Features	: fp asimd evtstrm aes pmull crc32
CPU implementer	: 0x41
CPU architecture: 8
CPU variant	: 0x0
CPU part	: 0xd09
CPU revision	: 1


[0] MemTotal:        3804644 kB
MemFree:           98784 kB
MemAvailable:    1460372 kB
Buffers:            4796 kB
Cached:          1563056 kB
SwapCached:       259588 kB
Active:          1446016 kB
Inactive:        1150656 kB
Active(anon):     747240 kB
Inactive(anon):   428456 kB
Active(file):     698776 kB
Inactive(file):   722200 kB
Unevictable:      113692 kB
Mlocked:          113692 kB
SwapTotal:       2293756 kB
SwapFree:        1406852 kB
Dirty:              1900 kB
Writeback:             0 kB
AnonPages:       1014016 kB
Mapped:           634964 kB
Shmem:             34052 kB
Slab:             249360 kB
SReclaimable:      74704 kB
SUnreclaim:       174656 kB
KernelStack:       60608 kB
PageTables:        76716 kB
NFS_Unstable:          0 kB
Bounce:                0 kB
WritebackTmp:          0 kB
CommitLimit:     4196076 kB
Committed_AS:   111623680 kB
VmallocTotal:   263061440 kB
VmallocUsed:           0 kB
VmallocChunk:          0 kB
CmaTotal:         679936 kB
CmaFree:               0 kB
IonTotalCache:     52804 kB
IonTotalUsed:     131212 kB
PActive(anon):         0 kB
PInactive(anon):       0 kB
PActive(file):         0 kB
PInactive(file):       0 kB
Isolate1Free:         20 kB
Isolate2Free:          0 kB
RsvTotalUsed:     274436 kB

[0] 		total        used        free      shared     buffers
Mem:       3895955456  3794698240   101257216    34869248     4915200
-/+ buffers/cache:     3789783040   106172416
Swap:      2348806144   908189696  1440616448

[1] cat: /proc/version: Permission denied

[1] Temporary root by diplomatic@XDA
Home URL:
https://forum.xda-developers.com/android/development/amazing-temp-root-mediatek-armv8-t3922213
--------------------------------------------------


Temporary root by diplomatic@XDA
Home URL:
https://forum.xda-developers.com/android/development/amazing-temp-root-mediatek-armv8-t3922213
--------------------------------------------------


Failed critical init step 1
Incompatible platform

deleted magisk-boot.sh
deleted 32/magiskinit
deleted 64/magiskinit
deleted 32/mtk-su
deleted 64/mtk-su

